#TradeId,Type,CashflowNo,LegNo,PayDate,FlowType,Amount,Currency,Coupon,Accrual,AccrualStartDate,AccrualEndDate,AccruedAmount,fixingDate,fixingValue,Notional,DiscountFactor,PresentValue,FXRate(Local-Base),PresentValue(Base),BaseCurrency,FloorStrike,CapStrike,FloorVolatility,CapVolatility
cap_01,CapFloor,6,0,2016-03-23,Interest,0.0000,USD,0.0000000000,0.2527777778,2015-12-23,2016-03-23,0.0000,2015-12-21,0.0059310000,-1000000.0000,0.9989089851,0.0000000000,0.8831293157,0.0000000000,EUR,#N/A,0.030000,#N/A,#N/A
cap_01,CapFloor,7,0,2016-06-23,InterestProjected,0.0000,USD,0.0000000000,0.2555555556,2016-03-23,2016-06-23,0.0000,2016-03-21,0.0077250894,-1000000.0000,0.9965941505,0.0000000000,0.8831293157,0.0000000000,EUR,#N/A,0.030000,#N/A,0.007428
cap_01,CapFloor,8,0,2016-09-23,InterestProjected,-0.0003,USD,0.0000000011,0.2555555556,2016-06-23,2016-09-23,0.0000,2016-06-21,0.0083511240,-1000000.0000,0.9941401369,-0.0002915710,0.8831293157,-0.0002574949,EUR,#N/A,0.030000,#N/A,0.007510
cap_01,CapFloor,9,0,2016-12-23,InterestProjected,-0.0809,USD,0.0000003202,0.2527777778,2016-09-23,2016-12-23,0.0000,2016-09-21,0.0088511340,-1000000.0000,0.9915018237,-0.0802540596,0.8831293157,-0.0708747128,EUR,#N/A,0.030000,#N/A,0.007579
cap_01,CapFloor,10,0,2017-03-23,InterestProjected,-1.0153,USD,0.0000040613,0.2500000000,2016-12-23,2017-03-23,0.0000,2016-12-21,0.0093523295,-1000000.0000,0.9880692005,-1.0032127470,0.8831293157,-0.8859665868,EUR,#N/A,0.030000,#N/A,0.007640
cap_01,CapFloor,11,0,2017-06-23,InterestProjected,-4.4977,USD,0.0000175996,0.2555555556,2017-03-23,2017-06-23,0.0000,2017-03-21,0.0097225173,-1000000.0000,0.9839535691,-4.4255043066,0.8831293157,-3.9082925901,EUR,#N/A,0.030000,#N/A,0.007723
cap_01,CapFloor,12,0,2017-09-25,InterestProjected,-12.1869,USD,0.0000466734,0.2611111111,2017-06-23,2017-09-25,0.0000,2017-06-21,0.0098566203,-1000000.0000,0.9797661730,-11.9403482526,0.8831293157,-10.5448715821,EUR,#N/A,0.030000,#N/A,0.007853
cap_01,CapFloor,13,0,2017-12-26,InterestProjected,-24.7383,USD,0.0000968019,0.2555555556,2017-09-25,2017-12-26,0.0000,2017-09-21,0.0098564855,-1000000.0000,0.9756851265,-24.1367541668,0.8831293157,-21.3158751916,EUR,#N/A,0.030000,#N/A,0.008053
cap_01,CapFloor,14,0,2018-03-23,InterestProjected,-53.5615,USD,0.0002216339,0.2416666667,2017-12-26,2018-03-23,0.0000,2017-12-21,0.0109164210,-1000000.0000,0.9717171991,-52.0466531207,0.8831293157,-45.9639251571,EUR,#N/A,0.030000,#N/A,0.008318
cap_01,CapFloor,15,0,2018-06-25,InterestProjected,-115.0149,USD,0.0004404826,0.2611111111,2018-03-23,2018-06-25,0.0000,2018-03-21,0.0120297121,-1000000.0000,0.9673048869,-111.2544839017,0.8831293157,-98.2520962414,EUR,#N/A,0.030000,#N/A,0.008668
cap_01,CapFloor,16,0,2018-09-24,InterestProjected,-167.1830,USD,0.0006613835,0.2527777778,2018-06-25,2018-09-24,0.0000,2018-06-21,0.0120291098,-1000000.0000,0.9630524803,-161.0060503995,0.8831293157,-142.1891631197,EUR,#N/A,0.030000,#N/A,0.009089
cap_01,CapFloor,17,0,2018-12-24,InterestProjected,-226.7409,USD,0.0008969970,0.2527777778,2018-09-24,2018-12-24,0.0000,2018-09-20,0.0120291098,-1000000.0000,0.9588187679,-217.4034326514,0.8831293157,-191.9953447175,EUR,#N/A,0.030000,#N/A,0.009422
cap_01,CapFloor,18,0,2019-03-25,InterestProjected,-315.0136,USD,0.0012462078,0.2527777778,2018-12-24,2019-03-25,0.0000,2018-12-20,0.0131004875,-1000000.0000,0.9543093085,-300.6204371041,0.8831293157,-265.4867209179,EUR,#N/A,0.030000,#N/A,0.009566
cap_01,CapFloor,19,0,2019-06-24,InterestProjected,-411.4606,USD,0.0016277562,0.2527777778,2019-03-25,2019-06-24,0.0000,2019-03-21,0.0143507937,-1000000.0000,0.9494793680,-390.6733510737,0.8831293157,-345.0150892126,EUR,#N/A,0.030000,#N/A,0.009584
cap_01,CapFloor,20,0,2019-09-23,InterestProjected,-456.4711,USD,0.0018058197,0.2527777778,2019-06-24,2019-09-23,0.0000,2019-06-20,0.0143507937,-1000000.0000,0.9446738729,-431.2163140367,0.8831293157,-380.8197683523,EUR,#N/A,0.030000,#N/A,0.009589
cap_01,CapFloor,21,0,2019-12-23,InterestProjected,-504.2476,USD,0.0019948255,0.2527777778,2019-09-23,2019-12-23,0.0000,2019-09-19,0.0143507937,-1000000.0000,0.9398926992,-473.9385918171,0.8831293157,-418.5490642954,EUR,#N/A,0.030000,#N/A,0.009617
cap_01,CapFloor,22,0,2020-03-23,InterestProjected,-611.4716,USD,0.0024190087,0.2527777778,2019-12-23,2020-03-23,0.0000,2019-12-19,0.0153994420,-1000000.0000,0.9350416632,-571.7514657945,0.8831293157,-504.9304807619,EUR,#N/A,0.030000,#N/A,0.009666
cap_01,CapFloor,23,0,2020-06-23,InterestProjected,-749.5896,USD,0.0029331768,0.2555555556,2020-03-23,2020-06-23,0.0000,2020-03-19,0.0166235983,-1000000.0000,0.9300524179,-697.1576507682,0.8831293157,-615.6803590876,EUR,#N/A,0.030000,#N/A,0.009731
cap_01,CapFloor,24,0,2020-09-23,InterestProjected,-803.7488,USD,0.0031451041,0.2555555556,2020-06-23,2020-09-23,0.0000,2020-06-19,0.0166235983,-1000000.0000,0.9250897945,-743.5398342588,0.8831293157,-656.6418250564,EUR,#N/A,0.030000,#N/A,0.009764
cap_01,CapFloor,25,0,2020-12-23,InterestProjected,-838.1592,USD,0.0033157947,0.2527777778,2020-09-23,2020-12-23,0.0000,2020-09-21,0.0166232150,-1000000.0000,0.9202071627,-771.2801029307,0.8831293157,-681.1400695470,EUR,#N/A,0.030000,#N/A,0.009734
cap_01,CapFloor,26,0,2021-03-23,InterestProjected,-922.3320,USD,0.0036893278,0.2500000000,2020-12-23,2021-03-23,0.0000,2020-12-21,0.0176850639,-1000000.0000,0.9149689003,-843.9050584224,0.8831293157,-745.2772967963,EUR,#N/A,0.030000,#N/A,0.009599
cap_01,CapFloor,27,0,2021-06-23,InterestProjected,-1043.9561,USD,0.0040850458,0.2555555556,2021-03-23,2021-06-23,0.0000,2021-03-19,0.0189003781,-1000000.0000,0.9091405023,-949.1028082675,0.8831293157,-838.1805136346,EUR,#N/A,0.030000,#N/A,0.009424
cap_01,CapFloor,28,0,2021-09-23,InterestProjected,-1054.3345,USD,0.0041256565,0.2555555556,2021-06-23,2021-09-23,0.0000,2021-06-21,0.0189003781,-1000000.0000,0.9033492316,-952.4322162914,0.8831293157,-841.1208114646,EUR,#N/A,0.030000,#N/A,0.009246
cap_01,CapFloor,29,0,2021-12-23,InterestProjected,-1054.2205,USD,0.0041705427,0.2527777778,2021-09-23,2021-12-23,0.0000,2021-09-21,0.0188998827,-1000000.0000,0.8976572017,-946.3286471849,0.8831293157,-835.7305706560,EUR,#N/A,0.030000,#N/A,0.009091
cap_01,CapFloor,30,0,2022-03-23,InterestProjected,-1083.9183,USD,0.0043356732,0.2500000000,2021-12-23,2022-03-23,0.0000,2021-12-21,0.0191442650,-1000000.0000,0.8920629989,-966.9234138459,0.8831293157,-853.9184128452,EUR,#N/A,0.030000,#N/A,0.009002
cap_01,CapFloor,31,0,2022-06-23,InterestProjected,-1156.2326,USD,0.0045243882,0.2555555556,2022-03-23,2022-06-23,0.0000,2022-03-21,0.0194251897,-1000000.0000,0.8863805127,-1024.8620027910,0.8831293157,-905.0856792554,EUR,#N/A,0.030000,#N/A,0.008934
cap_01,CapFloor,32,0,2022-09-23,InterestProjected,-1174.5676,USD,0.0045961342,0.2555555556,2022-06-23,2022-09-23,0.0000,2022-06-21,0.0194251897,-1000000.0000,0.8807342242,-1034.4819027821,0.8831293157,-913.5812949520,EUR,#N/A,0.030000,#N/A,0.008836
cap_01,CapFloor,33,0,2022-12-23,InterestProjected,-1181.3948,USD,0.0046736498,0.2527777778,2022-09-23,2022-12-23,0.0000,2022-09-21,0.0194246665,-1000000.0000,0.8751846921,-1033.9386632075,0.8831293157,-913.1015441582,EUR,#N/A,0.030000,#N/A,0.008751
cap_01,CapFloor,34,0,2023-03-23,InterestProjected,-1247.0779,USD,0.0049883117,0.2500000000,2022-12-23,2023-03-23,0.0000,2022-12-21,0.0201383109,-1000000.0000,0.8695835676,-1084.4384761453,0.8831293157,-957.6994094031,EUR,#N/A,0.030000,#N/A,0.008677
cap_01,CapFloor,35,0,2023-06-23,InterestProjected,-1358.1347,USD,0.0053144402,0.2555555556,2023-03-23,2023-06-23,0.0000,2023-03-21,0.0209558753,-1000000.0000,0.8637244778,-1173.0542108572,0.8831293157,-1035.9585625633,EUR,#N/A,0.030000,#N/A,0.008576
cap_01,CapFloor,36,0,2023-09-25,InterestProjected,-1403.6893,USD,0.0053758315,0.2611111111,2023-06-23,2023-09-25,0.0000,2023-06-21,0.0209570931,-1000000.0000,0.8577787886,-1204.0549299503,0.8831293157,-1063.3362064035,EUR,#N/A,0.030000,#N/A,0.008489
cap_01,CapFloor,37,0,2023-12-26,InterestProjected,-1395.7136,USD,0.0054614882,0.2555555556,2023-09-25,2023-12-26,0.0000,2023-09-21,0.0209564842,-1000000.0000,0.8519992372,-1189.1469637343,0.8831293157,-1050.1705444000,EUR,#N/A,0.030000,#N/A,0.008432
cap_01,CapFloor,38,0,2024-03-25,InterestProjected,-1485.2410,USD,0.0059409640,0.2500000000,2023-12-26,2024-03-25,0.0000,2023-12-21,0.0220749307,-1000000.0000,0.8463830110,-1257.0827564406,0.8831293157,-1110.1666345271,EUR,#N/A,0.030000,#N/A,0.008372
cap_01,CapFloor,39,0,2024-06-24,InterestProjected,-1633.2004,USD,0.0064610126,0.2527777778,2024-03-25,2024-06-24,0.0000,2024-03-21,0.0231726913,-1000000.0000,0.8407420218,-1373.1002198075,0.8831293157,-1212.6250575646,EUR,#N/A,0.030000,#N/A,0.008340
cap_01,CapFloor,40,0,2024-09-23,InterestProjected,-1659.5743,USD,0.0065653489,0.2527777778,2024-06-24,2024-09-23,0.0000,2024-06-20,0.0231726913,-1000000.0000,0.8351386288,-1385.9746179053,0.8831293157,-1223.9948159472,EUR,#N/A,0.030000,#N/A,0.008309
cap_01,CapFloor,41,0,2024-12-23,InterestProjected,-1673.6417,USD,0.0066209999,0.2527777778,2024-09-23,2024-12-23,0.0000,2024-09-19,0.0231726913,-1000000.0000,0.8295725814,-1388.4072252061,0.8831293157,-1226.1431227684,EUR,#N/A,0.030000,#N/A,0.008238
cap_01,CapFloor,42,0,2025-03-24,InterestProjected,-1706.5292,USD,0.0067511047,0.2527777778,2024-12-23,2025-03-24,0.0000,2024-12-19,0.0234118773,-1000000.0000,0.8240436307,-1406.2545512536,0.8831293157,-1241.9046196084,EUR,#N/A,0.030000,#N/A,0.008153
cap_01,CapFloor,43,0,2025-06-23,InterestProjected,-1755.0219,USD,0.0069429436,0.2527777778,2025-03-24,2025-06-23,0.0000,2025-03-20,0.0236909457,-1000000.0000,0.8185515294,-1436.5758285982,0.8831293157,-1268.6822285223,EUR,#N/A,0.030000,#N/A,0.008111
cap_01,CapFloor,44,0,2025-09-23,InterestProjected,-1792.4729,USD,0.0070140243,0.2555555556,2025-06-23,2025-09-23,0.0000,2025-06-19,0.0236917237,-1000000.0000,0.8130362839,-1457.3454841291,0.8831293157,-1287.0245201995,EUR,#N/A,0.030000,#N/A,0.008062
cap_01,CapFloor,45,0,2025-12-23,InterestProjected,-1780.4442,USD,0.0070435156,0.2527777778,2025-09-23,2025-12-23,0.0000,2025-09-19,0.0236909457,-1000000.0000,0.8076175446,-1437.9179815579,0.8831293157,-1269.8675231472,EUR,#N/A,0.030000,#N/A,0.007981
cap_01,CapFloor,46,0,2026-03-23,InterestProjected,-1821.6895,USD,0.0072867581,0.2500000000,2025-12-23,2026-03-23,0.0000,2025-12-19,0.0240615109,-1000000.0000,0.8022219700,-1461.3993520619,0.8831293157,-1290.6046098131,EUR,#N/A,0.030000,#N/A,0.007957
cap_01,CapFloor,47,0,2026-06-23,InterestProjected,-1927.9169,USD,0.0075440227,0.2555555556,2026-03-23,2026-06-23,0.0000,2026-03-19,0.0244876073,-1000000.0000,0.7966603284,-1535.8949259109,0.8831293157,-1356.3938349722,EUR,#N/A,0.030000,#N/A,0.007926
cap_01,CapFloor,48,0,2026-09-23,InterestProjected,-1939.4839,USD,0.0075892850,0.2555555556,2026-06-23,2026-09-23,0.0000,2026-06-19,0.0244876073,-1000000.0000,0.7911372446,-1534.3979796884,0.8831293157,-1355.0718378790,EUR,#N/A,0.030000,#N/A,0.007865
collar_02,CapFloor,6,0,2016-03-23,Interest,0.0000,USD,0.0000000000,0.2527777778,2015-12-23,2016-03-23,0.0000,2015-12-21,0.0059310000,1000000.0000,0.9989089851,0.0000000000,0.8831293157,0.0000000000,EUR,0.005000,0.030000,#N/A,#N/A
collar_02,CapFloor,7,0,2016-06-23,InterestProjected,0.4954,USD,0.0000019387,0.2555555556,2016-03-23,2016-06-23,0.0000,2016-03-21,0.0077250894,1000000.0000,0.9965941505,0.4937507558,0.8831293157,0.4360457671,EUR,0.005000,0.030000,0.003063,0.007428
collar_02,CapFloor,8,0,2016-09-23,InterestProjected,11.4500,USD,0.0000448044,0.2555555556,2016-06-23,2016-09-23,0.0000,2016-06-21,0.0083511240,1000000.0000,0.9941401369,11.3829192903,0.8831293157,10.0525897240,EUR,0.005000,0.030000,0.003360,0.007510
collar_02,CapFloor,9,0,2016-12-23,InterestProjected,32.2663,USD,0.0001276467,0.2527777778,2016-09-23,2016-12-23,0.0000,2016-09-21,0.0088511340,1000000.0000,0.9915018237,31.9920467966,0.8831293157,28.2531143967,EUR,0.005000,0.030000,0.003689,0.007579
collar_02,CapFloor,10,0,2017-03-23,InterestProjected,57.5450,USD,0.0002301800,0.2500000000,2016-12-23,2017-03-23,0.0000,2016-12-21,0.0093523295,1000000.0000,0.9880692005,56.8584480237,0.8831293157,50.2133622973,EUR,0.005000,0.030000,0.004038,0.007640
collar_02,CapFloor,11,0,2017-06-23,InterestProjected,92.5858,USD,0.0003622924,0.2555555556,2017-03-23,2017-06-23,0.0000,2017-03-21,0.0097225173,1000000.0000,0.9839535691,91.1001515872,0.8831293157,80.4532145352,EUR,0.005000,0.030000,0.004403,0.007723
collar_02,CapFloor,12,0,2017-09-25,InterestProjected,139.7808,USD,0.0005353309,0.2611111111,2017-06-23,2017-09-25,0.0000,2017-06-21,0.0098566203,1000000.0000,0.9797661730,136.9525354372,0.8831293157,120.9467989098,EUR,0.005000,0.030000,0.004728,0.007853
collar_02,CapFloor,13,0,2017-12-26,InterestProjected,183.5884,USD,0.0007183894,0.2555555556,2017-09-25,2017-12-26,0.0000,2017-09-21,0.0098564855,1000000.0000,0.9756851265,179.1244650219,0.8831293157,158.1900662275,EUR,0.005000,0.030000,0.004987,0.008053
collar_02,CapFloor,14,0,2018-03-23,InterestProjected,157.7290,USD,0.0006526717,0.2416666667,2017-12-26,2018-03-23,0.0000,2017-12-21,0.0109164210,1000000.0000,0.9717171991,153.2679848565,0.8831293157,135.3554505915,EUR,0.005000,0.030000,0.005361,0.008318
collar_02,CapFloor,15,0,2018-06-25,InterestProjected,118.4411,USD,0.0004536041,0.2611111111,2018-03-23,2018-06-25,0.0000,2018-03-21,0.0120297121,1000000.0000,0.9673048869,114.5686255796,0.8831293157,101.1789119137,EUR,0.005000,0.030000,0.005638,0.008668
collar_02,CapFloor,16,0,2018-09-24,InterestProjected,109.1368,USD,0.0004317498,0.2527777778,2018-06-25,2018-09-24,0.0000,2018-06-21,0.0120291098,1000000.0000,0.9630524803,105.1044250728,0.8831293157,92.8207989961,EUR,0.005000,0.030000,0.005783,0.009089
collar_02,CapFloor,17,0,2018-12-24,InterestProjected,109.4799,USD,0.0004331073,0.2527777778,2018-09-24,2018-12-24,0.0000,2018-09-20,0.0120291098,1000000.0000,0.9588187679,104.9713891096,0.8831293157,92.7033110369,EUR,0.005000,0.030000,0.005990,0.009422
collar_02,CapFloor,18,0,2019-03-25,InterestProjected,47.3030,USD,0.0001871329,0.2527777778,2018-12-24,2019-03-25,0.0000,2018-12-20,0.0131004875,1000000.0000,0.9543093085,45.1417269609,0.8831293157,39.8659824424,EUR,0.005000,0.030000,0.006404,0.009566
collar_02,CapFloor,19,0,2019-06-24,InterestProjected,-31.2982,USD,-0.0001238170,0.2527777778,2019-03-25,2019-06-24,0.0000,2019-03-21,0.0143507937,1000000.0000,0.9494793680,-29.7169825868,0.8831293157,-26.2439384978,EUR,0.005000,0.030000,0.006805,0.009584
collar_02,CapFloor,20,0,2019-09-23,InterestProjected,-11.7309,USD,-0.0000464080,0.2527777778,2019-06-24,2019-09-23,0.0000,2019-06-20,0.0143507937,1000000.0000,0.9446738729,-11.0818936717,0.8831293157,-9.7867451755,EUR,0.005000,0.030000,0.007011,0.009589
collar_02,CapFloor,21,0,2019-12-23,InterestProjected,19.9768,USD,0.0000790291,0.2527777778,2019-09-23,2019-12-23,0.0000,2019-09-19,0.0143507937,1000000.0000,0.9398926992,18.7760550595,0.8831293157,16.5816846571,EUR,0.005000,0.030000,0.007295,0.009617
collar_02,CapFloor,22,0,2020-03-23,InterestProjected,-58.3254,USD,-0.0002307379,0.2527777778,2019-12-23,2020-03-23,0.0000,2019-12-19,0.0153994420,1000000.0000,0.9350416632,-54.5366834942,0.8831293157,-48.1629439771,EUR,0.005000,0.030000,0.007657,0.009666
collar_02,CapFloor,23,0,2020-06-23,InterestProjected,-176.9295,USD,-0.0006923330,0.2555555556,2020-03-23,2020-06-23,0.0000,2020-03-19,0.0166235983,1000000.0000,0.9300524179,-164.5537427085,0.8831293157,-145.3222342010,EUR,0.005000,0.030000,0.007971,0.009731
collar_02,CapFloor,24,0,2020-09-23,InterestProjected,-165.8528,USD,-0.0006489893,0.2555555556,2020-06-23,2020-09-23,0.0000,2020-06-19,0.0166235983,1000000.0000,0.9250897945,-153.4287544454,0.8831293157,-135.4974309286,EUR,0.005000,0.030000,0.008129,0.009764
collar_02,CapFloor,25,0,2020-12-23,InterestProjected,-153.5264,USD,-0.0006073573,0.2527777778,2020-09-23,2020-12-23,0.0000,2020-09-21,0.0166232150,1000000.0000,0.9202071627,-141.2761183358,0.8831293157,-124.7650817166,EUR,0.005000,0.030000,0.008209,0.009734
collar_02,CapFloor,26,0,2021-03-23,InterestProjected,-252.6828,USD,-0.0010107311,0.2500000000,2020-12-23,2021-03-23,0.0000,2020-12-21,0.0176850639,1000000.0000,0.9149689003,-231.1968839146,0.8831293157,-204.1767458933,EUR,0.005000,0.030000,0.008333,0.009599
collar_02,CapFloor,27,0,2021-06-23,InterestProjected,-385.0869,USD,-0.0015068618,0.2555555556,2021-03-23,2021-06-23,0.0000,2021-03-19,0.0189003781,1000000.0000,0.9091405023,-350.0981061190,0.8831293157,-309.1819008997,EUR,0.005000,0.030000,0.008405,0.009424
collar_02,CapFloor,28,0,2021-09-23,InterestProjected,-366.6681,USD,-0.0014347883,0.2555555556,2021-06-23,2021-09-23,0.0000,2021-06-21,0.0189003781,1000000.0000,0.9033492316,-331.2293551372,0.8831293157,-292.5183537561,EUR,0.005000,0.030000,0.008359,0.009246
collar_02,CapFloor,29,0,2021-12-23,InterestProjected,-355.2045,USD,-0.0014052045,0.2527777778,2021-09-23,2021-12-23,0.0000,2021-09-21,0.0188998827,1000000.0000,0.8976572017,-318.8518575786,0.8831293157,-281.5874228066,EUR,0.005000,0.030000,0.008271,0.009091
collar_02,CapFloor,30,0,2022-03-23,InterestProjected,-394.5460,USD,-0.0015781840,0.2500000000,2021-12-23,2022-03-23,0.0000,2021-12-21,0.0191442650,1000000.0000,0.8920629989,-351.9598814176,0.8831293157,-310.8260892452,EUR,0.005000,0.030000,0.008161,0.009002
collar_02,CapFloor,31,0,2022-06-23,InterestProjected,-461.7636,USD,-0.0018069010,0.2555555556,2022-03-23,2022-06-23,0.0000,2022-03-21,0.0194251897,1000000.0000,0.8863805127,-409.2982525682,0.8831293157,-361.4632857252,EUR,0.005000,0.030000,0.008030,0.008934
collar_02,CapFloor,32,0,2022-09-23,InterestProjected,-468.1315,USD,-0.0018318190,0.2555555556,2022-06-23,2022-09-23,0.0000,2022-06-21,0.0194251897,1000000.0000,0.8807342242,-412.2994537313,0.8831293157,-364.1137344548,EUR,0.005000,0.030000,0.007930,0.008836
collar_02,CapFloor,33,0,2022-12-23,InterestProjected,-475.6535,USD,-0.0018817060,0.2527777778,2022-09-23,2022-12-23,0.0000,2022-09-21,0.0194246665,1000000.0000,0.8751846921,-416.2846325759,0.8831293157,-367.6331627209,EUR,0.005000,0.030000,0.007812,0.008751
collar_02,CapFloor,34,0,2023-03-23,InterestProjected,-577.2928,USD,-0.0023091711,0.2500000000,2022-12-23,2023-03-23,0.0000,2022-12-21,0.0201383109,1000000.0000,0.8695835676,-502.0043205400,0.8831293157,-443.3347320983,EUR,0.005000,0.030000,0.007736,0.008677
collar_02,CapFloor,35,0,2023-06-23,InterestProjected,-702.2700,USD,-0.0027480130,0.2555555556,2023-03-23,2023-06-23,0.0000,2023-03-21,0.0209558753,1000000.0000,0.8637244778,-606.5677755003,0.8831293157,-535.6777845291,EUR,0.005000,0.030000,0.007688,0.008576
collar_02,CapFloor,36,0,2023-09-25,InterestProjected,-722.4301,USD,-0.0027667536,0.2611111111,2023-06-23,2023-09-25,0.0000,2023-06-21,0.0209570931,1000000.0000,0.8577787886,-619.6852167251,0.8831293157,-547.2621814222,EUR,0.005000,0.030000,0.007609,0.008489
collar_02,CapFloor,37,0,2023-12-26,InterestProjected,-719.1547,USD,-0.0028140836,0.2555555556,2023-09-25,2023-12-26,0.0000,2023-09-21,0.0209564842,1000000.0000,0.8519992372,-612.7192474890,0.8831293157,-541.1103297773,EUR,0.005000,0.030000,0.007529,0.008432
collar_02,CapFloor,38,0,2024-03-25,InterestProjected,-868.1286,USD,-0.0034725143,0.2500000000,2023-12-26,2024-03-25,0.0000,2023-12-21,0.0220749307,1000000.0000,0.8463830110,-734.7692733664,0.8831293157,-648.8962856168,EUR,0.005000,0.030000,0.007483,0.008372
collar_02,CapFloor,39,0,2024-06-24,InterestProjected,-1052.3729,USD,-0.0041632333,0.2527777778,2024-03-25,2024-06-24,0.0000,2024-03-21,0.0231726913,1000000.0000,0.8407420218,-884.7740911798,0.8831293157,-781.3699377304,EUR,0.005000,0.030000,0.007431,0.008340
collar_02,CapFloor,40,0,2024-09-23,InterestProjected,-1073.1730,USD,-0.0042455197,0.2527777778,2024-06-24,2024-09-23,0.0000,2024-06-20,0.0231726913,1000000.0000,0.8351386288,-896.2482669052,0.8831293157,-791.5031186874,EUR,0.005000,0.030000,0.007347,0.008309
collar_02,CapFloor,41,0,2024-12-23,InterestProjected,-1081.6186,USD,-0.0042789306,0.2527777778,2024-09-23,2024-12-23,0.0000,2024-09-19,0.0231726913,1000000.0000,0.8295725814,-897.2811124932,0.8831293157,-792.4152549048,EUR,0.005000,0.030000,0.007268,0.008238
collar_02,CapFloor,42,0,2025-03-24,InterestProjected,-1123.8973,USD,-0.0044461870,0.2527777778,2024-12-23,2025-03-24,0.0000,2024-12-19,0.0234118773,1000000.0000,0.8240436307,-926.1403895353,0.8831293157,-817.9017284919,EUR,0.005000,0.030000,0.007177,0.008153
collar_02,CapFloor,43,0,2025-06-23,InterestProjected,-1182.9299,USD,-0.0046797227,0.2527777778,2025-03-24,2025-06-23,0.0000,2025-03-20,0.0236909457,1000000.0000,0.8185515294,-968.2890887040,0.8831293157,-855.1244803482,EUR,0.005000,0.030000,0.007093,0.008111
collar_02,CapFloor,44,0,2025-09-23,InterestProjected,-1208.7776,USD,-0.0047299991,0.2555555556,2025-06-23,2025-09-23,0.0000,2025-06-19,0.0236917237,1000000.0000,0.8130362839,-982.7800129899,0.8831293157,-867.9218403972,EUR,0.005000,0.030000,0.007023,0.008062
collar_02,CapFloor,45,0,2025-12-23,InterestProjected,-1194.8658,USD,-0.0047269417,0.2527777778,2025-09-23,2025-12-23,0.0000,2025-09-19,0.0236909457,1000000.0000,0.8076175446,-964.9946075298,0.8831293157,-852.2150274430,EUR,0.005000,0.030000,0.006968,0.007981
collar_02,CapFloor,46,0,2026-03-23,InterestProjected,-1246.7708,USD,-0.0049870833,0.2500000000,2025-12-23,2026-03-23,0.0000,2025-12-19,0.0240615109,1000000.0000,0.8022219700,-1000.1869458789,0.8831293157,-883.2944131287,EUR,0.005000,0.030000,0.006943,0.007957
collar_02,CapFloor,47,0,2026-06-23,InterestProjected,-1346.2997,USD,-0.0052681293,0.2555555556,2026-03-23,2026-06-23,0.0000,2026-03-19,0.0244876073,1000000.0000,0.7966603284,-1072.5435630217,0.8831293157,-947.1946629155,EUR,0.005000,0.030000,0.006924,0.007926
collar_02,CapFloor,48,0,2026-09-23,InterestProjected,-1343.5513,USD,-0.0052573746,0.2555555556,2026-06-23,2026-09-23,0.0000,2026-06-19,0.0244876073,1000000.0000,0.7911372446,-1062.9334568785,0.8831293157,-938.7076964530,EUR,0.005000,0.030000,0.006904,0.007865
floor_01,CapFloor,6,0,2016-03-23,Interest,0.0000,USD,0.0000000000,0.2527777778,2015-12-23,2016-03-23,0.0000,2015-12-21,0.0059310000,1000000.0000,0.9989089851,0.0000000000,0.8831293157,0.0000000000,EUR,0.005000,#N/A,#N/A,#N/A
floor_01,CapFloor,7,0,2016-06-23,InterestProjected,0.4954,USD,0.0000019387,0.2555555556,2016-03-23,2016-06-23,0.0000,2016-03-21,0.0077250894,1000000.0000,0.9965941505,0.4937507558,0.8831293157,0.4360457671,EUR,0.005000,#N/A,0.003063,#N/A
floor_01,CapFloor,8,0,2016-09-23,InterestProjected,11.4503,USD,0.0000448056,0.2555555556,2016-06-23,2016-09-23,0.0000,2016-06-21,0.0083511240,1000000.0000,0.9941401369,11.3832108613,0.8831293157,10.0528472189,EUR,0.005000,#N/A,0.003360,#N/A
floor_01,CapFloor,9,0,2016-12-23,InterestProjected,32.3472,USD,0.0001279669,0.2527777778,2016-09-23,2016-12-23,0.0000,2016-09-21,0.0088511340,1000000.0000,0.9915018237,32.0723008562,0.8831293157,28.3239891094,EUR,0.005000,#N/A,0.003689,#N/A
floor_01,CapFloor,10,0,2017-03-23,InterestProjected,58.5603,USD,0.0002342413,0.2500000000,2016-12-23,2017-03-23,0.0000,2016-12-21,0.0093523295,1000000.0000,0.9880692005,57.8616607707,0.8831293157,51.0993288841,EUR,0.005000,#N/A,0.004038,#N/A
floor_01,CapFloor,11,0,2017-06-23,InterestProjected,97.0835,USD,0.0003798920,0.2555555556,2017-03-23,2017-06-23,0.0000,2017-03-21,0.0097225173,1000000.0000,0.9839535691,95.5256558938,0.8831293157,84.3615071254,EUR,0.005000,#N/A,0.004403,#N/A
floor_01,CapFloor,12,0,2017-09-25,InterestProjected,151.9678,USD,0.0005820042,0.2611111111,2017-06-23,2017-09-25,0.0000,2017-06-21,0.0098566203,1000000.0000,0.9797661730,148.8928836898,0.8831293157,131.4916704919,EUR,0.005000,#N/A,0.004728,#N/A
floor_01,CapFloor,13,0,2017-12-26,InterestProjected,208.3267,USD,0.0008151913,0.2555555556,2017-09-25,2017-12-26,0.0000,2017-09-21,0.0098564855,1000000.0000,0.9756851265,203.2612191887,0.8831293157,179.5059414191,EUR,0.005000,#N/A,0.004987,#N/A
floor_01,CapFloor,14,0,2018-03-23,InterestProjected,211.2905,USD,0.0008743056,0.2416666667,2017-12-26,2018-03-23,0.0000,2017-12-21,0.0109164210,1000000.0000,0.9717171991,205.3146379771,0.8831293157,181.3193757487,EUR,0.005000,#N/A,0.005361,#N/A
floor_01,CapFloor,15,0,2018-06-25,InterestProjected,233.4560,USD,0.0008940867,0.2611111111,2018-03-23,2018-06-25,0.0000,2018-03-21,0.0120297121,1000000.0000,0.9673048869,225.8231094813,0.8831293157,199.4310081551,EUR,0.005000,#N/A,0.005638,#N/A
floor_01,CapFloor,16,0,2018-09-24,InterestProjected,276.3198,USD,0.0010931333,0.2527777778,2018-06-25,2018-09-24,0.0000,2018-06-21,0.0120291098,1000000.0000,0.9630524803,266.1104754723,0.8831293157,235.0099621157,EUR,0.005000,#N/A,0.005783,#N/A
floor_01,CapFloor,17,0,2018-12-24,InterestProjected,336.2208,USD,0.0013301043,0.2527777778,2018-09-24,2018-12-24,0.0000,2018-09-20,0.0120291098,1000000.0000,0.9588187679,322.3748217610,0.8831293157,284.6986557544,EUR,0.005000,#N/A,0.005990,#N/A
floor_01,CapFloor,18,0,2019-03-25,InterestProjected,362.3167,USD,0.0014333406,0.2527777778,2018-12-24,2019-03-25,0.0000,2018-12-20,0.0131004875,1000000.0000,0.9543093085,345.7621640650,0.8831293157,305.3527033604,EUR,0.005000,#N/A,0.006404,#N/A
floor_01,CapFloor,19,0,2019-06-24,InterestProjected,380.1624,USD,0.0015039392,0.2527777778,2019-03-25,2019-06-24,0.0000,2019-03-21,0.0143507937,1000000.0000,0.9494793680,360.9563684870,0.8831293157,318.7711507148,EUR,0.005000,#N/A,0.006805,#N/A
floor_01,CapFloor,20,0,2019-09-23,InterestProjected,444.7402,USD,0.0017594117,0.2527777778,2019-06-24,2019-09-23,0.0000,2019-06-20,0.0143507937,1000000.0000,0.9446738729,420.1344203650,0.8831293157,371.0330231768,EUR,0.005000,#N/A,0.007011,#N/A
floor_01,CapFloor,21,0,2019-12-23,InterestProjected,524.2244,USD,0.0020738546,0.2527777778,2019-09-23,2019-12-23,0.0000,2019-09-19,0.0143507937,1000000.0000,0.9398926992,492.7146468766,0.8831293157,435.1307489525,EUR,0.005000,#N/A,0.007295,#N/A
floor_01,CapFloor,22,0,2020-03-23,InterestProjected,553.1462,USD,0.0021882708,0.2527777778,2019-12-23,2020-03-23,0.0000,2019-12-19,0.0153994420,1000000.0000,0.9350416632,517.2147823003,0.8831293157,456.7675367848,EUR,0.005000,#N/A,0.007657,#N/A
floor_01,CapFloor,23,0,2020-06-23,InterestProjected,572.6601,USD,0.0022408439,0.2555555556,2020-03-23,2020-06-23,0.0000,2020-03-19,0.0166235983,1000000.0000,0.9300524179,532.6039080597,0.8831293157,470.3581248866,EUR,0.005000,#N/A,0.007971,#N/A
floor_01,CapFloor,24,0,2020-09-23,InterestProjected,637.8960,USD,0.0024961148,0.2555555556,2020-06-23,2020-09-23,0.0000,2020-06-19,0.0166235983,1000000.0000,0.9250897945,590.1110798135,0.8831293157,521.1443941278,EUR,0.005000,#N/A,0.008129,#N/A
floor_01,CapFloor,25,0,2020-12-23,InterestProjected,684.6328,USD,0.0027084374,0.2527777778,2020-09-23,2020-12-23,0.0000,2020-09-21,0.0166232150,1000000.0000,0.9202071627,630.0039845949,0.8831293157,556.3749878304,EUR,0.005000,#N/A,0.008209,#N/A
floor_01,CapFloor,26,0,2021-03-23,InterestProjected,669.6492,USD,0.0026785967,0.2500000000,2020-12-23,2021-03-23,0.0000,2020-12-21,0.0176850639,1000000.0000,0.9149689003,612.7081745078,0.8831293157,541.1005509030,EUR,0.005000,#N/A,0.008333,#N/A
floor_01,CapFloor,27,0,2021-06-23,InterestProjected,658.8692,USD,0.0025781839,0.2555555556,2021-03-23,2021-06-23,0.0000,2021-03-19,0.0189003781,1000000.0000,0.9091405023,599.0047021484,0.8831293157,528.9986127349,EUR,0.005000,#N/A,0.008405,#N/A
floor_01,CapFloor,28,0,2021-09-23,InterestProjected,687.6663,USD,0.0026908683,0.2555555556,2021-06-23,2021-09-23,0.0000,2021-06-21,0.0189003781,1000000.0000,0.9033492316,621.2028611542,0.8831293157,548.6024577084,EUR,0.005000,#N/A,0.008359,#N/A
floor_01,CapFloor,29,0,2021-12-23,InterestProjected,699.0160,USD,0.0027653382,0.2527777778,2021-09-23,2021-12-23,0.0000,2021-09-21,0.0188998827,1000000.0000,0.8976572017,627.4767896063,0.8831293157,554.1431478493,EUR,0.005000,#N/A,0.008271,#N/A
floor_01,CapFloor,30,0,2022-03-23,InterestProjected,689.3723,USD,0.0027574892,0.2500000000,2021-12-23,2022-03-23,0.0000,2021-12-21,0.0191442650,1000000.0000,0.8920629989,614.9635324283,0.8831293157,543.0923236000,EUR,0.005000,#N/A,0.008161,#N/A
floor_01,CapFloor,31,0,2022-06-23,InterestProjected,694.4690,USD,0.0027174872,0.2555555556,2022-03-23,2022-06-23,0.0000,2022-03-21,0.0194251897,1000000.0000,0.8863805127,615.5637502228,0.8831293157,543.6223935302,EUR,0.005000,#N/A,0.008030,#N/A
floor_01,CapFloor,32,0,2022-09-23,InterestProjected,706.4361,USD,0.0027643152,0.2555555556,2022-06-23,2022-09-23,0.0000,2022-06-21,0.0194251897,1000000.0000,0.8807342242,622.1824490507,0.8831293157,549.4675604972,EUR,0.005000,#N/A,0.007930,#N/A
floor_01,CapFloor,33,0,2022-12-23,InterestProjected,705.7414,USD,0.0027919438,0.2527777778,2022-09-23,2022-12-23,0.0000,2022-09-21,0.0194246665,1000000.0000,0.8751846921,617.6540306316,0.8831293157,545.4683814373,EUR,0.005000,#N/A,0.007812,#N/A
floor_01,CapFloor,34,0,2023-03-23,InterestProjected,669.7851,USD,0.0026791406,0.2500000000,2022-12-23,2023-03-23,0.0000,2022-12-21,0.0201383109,1000000.0000,0.8695835676,582.4341556053,0.8831293157,514.3646773048,EUR,0.005000,#N/A,0.007736,#N/A
floor_01,CapFloor,35,0,2023-06-23,InterestProjected,655.8647,USD,0.0025664273,0.2555555556,2023-03-23,2023-06-23,0.0000,2023-03-21,0.0209558753,1000000.0000,0.8637244778,566.4864353569,0.8831293157,500.2807780342,EUR,0.005000,#N/A,0.007688,#N/A
floor_01,CapFloor,36,0,2023-09-25,InterestProjected,681.2592,USD,0.0026090779,0.2611111111,2023-06-23,2023-09-25,0.0000,2023-06-21,0.0209570931,1000000.0000,0.8577787886,584.3697132252,0.8831293157,516.0740249813,EUR,0.005000,#N/A,0.007609,#N/A
floor_01,CapFloor,37,0,2023-12-26,InterestProjected,676.5590,USD,0.0026474046,0.2555555556,2023-09-25,2023-12-26,0.0000,2023-09-21,0.0209564842,1000000.0000,0.8519992372,576.4277162453,0.8831293157,509.0602146228,EUR,0.005000,#N/A,0.007529,#N/A
floor_01,CapFloor,38,0,2024-03-25,InterestProjected,617.1124,USD,0.0024684498,0.2500000000,2023-12-26,2024-03-25,0.0000,2023-12-21,0.0220749307,1000000.0000,0.8463830110,522.3134830741,0.8831293157,461.2703489104,EUR,0.005000,#N/A,0.007483,#N/A
floor_01,CapFloor,39,0,2024-06-24,InterestProjected,580.8275,USD,0.0022977793,0.2527777778,2024-03-25,2024-06-24,0.0000,2024-03-21,0.0231726913,1000000.0000,0.8407420218,488.3261286277,0.8831293157,431.2551198342,EUR,0.005000,#N/A,0.007431,#N/A
floor_01,CapFloor,40,0,2024-09-23,InterestProjected,586.4013,USD,0.0023198292,0.2527777778,2024-06-24,2024-09-23,0.0000,2024-06-20,0.0231726913,1000000.0000,0.8351386288,489.7263510001,0.8831293157,432.4916972598,EUR,0.005000,#N/A,0.007347,#N/A
floor_01,CapFloor,41,0,2024-12-23,InterestProjected,592.0231,USD,0.0023420693,0.2527777778,2024-09-23,2024-12-23,0.0000,2024-09-19,0.0231726913,1000000.0000,0.8295725814,491.1261127130,0.8831293157,433.7278678635,EUR,0.005000,#N/A,0.007268,#N/A
floor_01,CapFloor,42,0,2025-03-24,InterestProjected,582.6320,USD,0.0023049177,0.2527777778,2024-12-23,2025-03-24,0.0000,2024-12-19,0.0234118773,1000000.0000,0.8240436307,480.1141617182,0.8831293157,424.0028911165,EUR,0.005000,#N/A,0.007177,#N/A
floor_01,CapFloor,43,0,2025-06-23,InterestProjected,572.0919,USD,0.0022632209,0.2527777778,2025-03-24,2025-06-23,0.0000,2025-03-20,0.0236909457,1000000.0000,0.8185515294,468.2867398942,0.8831293157,413.5577481741,EUR,0.005000,#N/A,0.007093,#N/A
floor_01,CapFloor,44,0,2025-09-23,InterestProjected,583.6953,USD,0.0022840252,0.2555555556,2025-06-23,2025-09-23,0.0000,2025-06-19,0.0236917237,1000000.0000,0.8130362839,474.5654711393,0.8831293157,419.1026798023,EUR,0.005000,#N/A,0.007023,#N/A
floor_01,CapFloor,45,0,2025-12-23,InterestProjected,585.5784,USD,0.0023165738,0.2527777778,2025-09-23,2025-12-23,0.0000,2025-09-19,0.0236909457,1000000.0000,0.8076175446,472.9233740281,0.8831293157,417.6524957041,EUR,0.005000,#N/A,0.006968,#N/A
floor_01,CapFloor,46,0,2026-03-23,InterestProjected,574.9187,USD,0.0022996748,0.2500000000,2025-12-23,2026-03-23,0.0000,2025-12-19,0.0240615109,1000000.0000,0.8022219700,461.2124061830,0.8831293157,407.3101966844,EUR,0.005000,#N/A,0.006943,#N/A
floor_01,CapFloor,47,0,2026-06-23,InterestProjected,581.6172,USD,0.0022758935,0.2555555556,2026-03-23,2026-06-23,0.0000,2026-03-19,0.0244876073,1000000.0000,0.7966603284,463.3513628892,0.8831293157,409.1991720567,EUR,0.005000,#N/A,0.006924,#N/A
floor_01,CapFloor,48,0,2026-09-23,InterestProjected,595.9327,USD,0.0023319104,0.2555555556,2026-06-23,2026-09-23,0.0000,2026-06-19,0.0244876073,1000000.0000,0.7911372446,471.4645228099,0.8831293157,416.3641414260,EUR,0.005000,#N/A,0.006904,#N/A
