#TradeId,TradeType,Maturity,MaturityTime,NPV,NpvCurrency,NPV(Base),BaseCurrency,Notional,NotionalCurrency,Notional(Base),NettingSet,CounterParty
CCSwap,Swap,2036-03-03,20.073770,-1066940.135957,EUR,-1066940.135957,EUR,10000000.00,EUR,10000000.00,CPTY_A,CPTY_A
