#TradeId,NettingSetId,CVA,DVA,FBA,FCA,FBAexOwnSP,FCAexOwnSP,FBAexAllSP,FCAexAllSP,COLVA,MVA,OurKVACCR,TheirKVACCR,OurKVACVA,TheirKVACVA,CollateralFloor,AllocatedCVA,AllocatedDVA,AllocationMethod,BaselEPE,BaselEEPE
,CPTY_A,66049.05,2626506.25,1252754.71,-9408.87,1347438.47,-11076.06,1408541.07,-12219.77,0.00,-31290.51,0.00,0.00,0.00,0.00,0.00,66049.05,2626506.25,None,0.00,0.00
BermSwp,CPTY_A,4559.58,57.04,24.26,-674.31,31.71,-764.62,37.20,-826.37,#N/A,#N/A,#N/A,#N/A,#N/A,#N/A,#N/A,0.00,0.00,None,53455.12,53455.12
CC_SWAP_EUR_USD,CPTY_A,39336.71,2653724.96,1266644.50,-5819.54,1360657.44,-6596.55,1421125.40,-7107.42,#N/A,#N/A,#N/A,#N/A,#N/A,#N/A,#N/A,0.00,0.00,None,0.00,0.00
FX_CALL_OPTION,CPTY_A,15638.41,0.00,0.00,-2420.48,0.00,-2622.48,0.00,-2753.12,#N/A,#N/A,#N/A,#N/A,#N/A,#N/A,#N/A,0.00,0.00,None,272982.58,273222.88
Swap_EUR,CPTY_A,41105.94,70365.79,32384.13,-6038.06,37067.51,-6893.23,40279.71,-7478.29,#N/A,#N/A,#N/A,#N/A,#N/A,#N/A,#N/A,0.00,0.00,None,174096.94,175244.81
Swap_USD,CPTY_A,48408.70,36943.12,17165.82,-7139.77,19327.50,-8117.86,20798.95,-8783.54,#N/A,#N/A,#N/A,#N/A,#N/A,#N/A,#N/A,0.00,0.00,None,209955.88,209955.88
