#TradeId,TradeType,Maturity,MaturityTime,NPV,NpvCurrency,NPV(Base),BaseCurrency,Notional,NotionalCurrency,Notional(Base),NettingSet,CounterParty
collar_01,CapFloor,2035-10-29,19.729029,-87147.122889,EUR,-87147.122889,EUR,1000000.00,EUR,1000000.00,CPTY_A,CPTY_A
swap_01,Swap,2035-10-29,19.729029,175910.700490,EUR,175910.700490,EUR,1000000.00,EUR,1000000.00,CPTY_A,CPTY_A
swap_02,Swap,2035-10-29,19.729029,88763.577601,EUR,88763.577601,EUR,1000000.00,EUR,1000000.00,CPTY_B,CPTY_B
