#TradeId,Date,Time,EPE,ENE,AllocatedEPE,AllocatedENE,PFE,BaselEE,BaselEEE
XCCY_Swap_EUR_USD_RESET,2016-02-05,0.000000,0,12593288,0,0,0,0,0
XCCY_Swap_EUR_USD_RESET,2016-03-07,0.084699,0,12511546,0,0,0,0,0
XCCY_Swap_EUR_USD_RESET,2016-04-05,0.163934,0,12420609,0,0,0,0,0
XCCY_Swap_EUR_USD_RESET,2016-05-06,0.248634,8878,12468247,0,0,0,8922,8922
XCCY_Swap_EUR_USD_RESET,2016-06-06,0.333333,115085,12472782,0,0,204436,115863,115863
XCCY_Swap_EUR_USD_RESET,2016-07-05,0.412568,72914,12430934,0,0,0,73525,115863
XCCY_Swap_EUR_USD_RESET,2016-08-05,0.497268,0,12875568,0,0,0,0,115863
XCCY_Swap_EUR_USD_RESET,2016-09-06,0.584699,0,12988591,0,0,0,0,115863
XCCY_Swap_EUR_USD_RESET,2016-10-05,0.663934,0,13091621,0,0,0,0,115863
XCCY_Swap_EUR_USD_RESET,2016-11-07,0.754098,13942,13158015,0,0,0,14155,115863
XCCY_Swap_EUR_USD_RESET,2016-12-05,0.830601,5936,13063899,0,0,0,6036,115863
XCCY_Swap_EUR_USD_RESET,2017-01-05,0.915330,27529,13187379,0,0,0,28037,115863
XCCY_Swap_EUR_USD_RESET,2017-02-06,1.003002,0,12188088,0,0,0,0,115863
XCCY_Swap_EUR_USD_RESET,2017-03-06,1.079714,0,12356232,0,0,0,0,115863
XCCY_Swap_EUR_USD_RESET,2017-04-05,1.161906,0,12352932,0,0,0,0,115863
XCCY_Swap_EUR_USD_RESET,2017-05-05,1.244098,0,12208026,0,0,0,0,115863
XCCY_Swap_EUR_USD_RESET,2017-06-06,1.331769,77393,12254735,0,0,0,79470,115863
XCCY_Swap_EUR_USD_RESET,2017-07-05,1.411221,57079,12301035,0,0,0,58702,115863
XCCY_Swap_EUR_USD_RESET,2017-08-07,1.501632,0,11535140,0,0,0,0,115863
XCCY_Swap_EUR_USD_RESET,2017-09-05,1.581084,0,11644060,0,0,0,0,115863
XCCY_Swap_EUR_USD_RESET,2017-10-05,1.663276,0,11619938,0,0,0,0,115863
XCCY_Swap_EUR_USD_RESET,2017-11-06,1.750947,44449,11594076,0,0,0,46018,115863
XCCY_Swap_EUR_USD_RESET,2017-12-05,1.830399,68282,11601132,0,0,0,70804,115863
XCCY_Swap_EUR_USD_RESET,2018-01-05,1.915330,85761,11863766,0,0,0,89077,115863
XCCY_Swap_EUR_USD_RESET,2018-02-05,2.000262,0,10589509,0,0,0,0,115863
XCCY_Swap_EUR_USD_RESET,2018-03-05,2.076974,0,10514330,0,0,0,0,115863
XCCY_Swap_EUR_USD_RESET,2018-04-05,2.161906,0,10666882,0,0,0,0,115863
XCCY_Swap_EUR_USD_RESET,2018-05-08,2.252317,13203,10657658,0,0,0,13805,115863
XCCY_Swap_EUR_USD_RESET,2018-06-05,2.329029,131868,10706242,0,0,0,138091,138091
XCCY_Swap_EUR_USD_RESET,2018-07-05,2.411221,310141,10932104,0,0,2024924,325307,325307
XCCY_Swap_EUR_USD_RESET,2018-08-06,2.498892,0,9873729,0,0,0,0,325307
XCCY_Swap_EUR_USD_RESET,2018-09-05,2.581084,0,9766198,0,0,0,0,325307
XCCY_Swap_EUR_USD_RESET,2018-10-05,2.663276,1370,9778651,0,0,0,1444,325307
XCCY_Swap_EUR_USD_RESET,2018-11-05,2.748207,116323,9863754,0,0,0,122828,325307
XCCY_Swap_EUR_USD_RESET,2018-12-05,2.830399,105887,9807643,0,0,0,111990,325307
XCCY_Swap_EUR_USD_RESET,2019-01-07,2.920810,228818,9946955,0,0,1159037,242441,325307
XCCY_Swap_EUR_USD_RESET,2019-02-05,3.000262,0,9186219,0,0,0,0,325307
XCCY_Swap_EUR_USD_RESET,2019-03-05,3.076974,0,9070317,0,0,0,0,325307
XCCY_Swap_EUR_USD_RESET,2019-04-05,3.161906,52725,9133244,0,0,0,56132,325307
XCCY_Swap_EUR_USD_RESET,2019-05-07,3.249577,152793,9032973,0,0,0,162947,325307
XCCY_Swap_EUR_USD_RESET,2019-06-05,3.329029,186207,8813509,0,0,2104804,198895,325307
XCCY_Swap_EUR_USD_RESET,2019-07-05,3.411221,287594,9055580,0,0,1781681,307690,325307
XCCY_Swap_EUR_USD_RESET,2019-08-05,3.496152,0,8549766,0,0,0,0,325307
XCCY_Swap_EUR_USD_RESET,2019-09-05,3.581084,0,8754860,0,0,0,0,325307
XCCY_Swap_EUR_USD_RESET,2019-10-07,3.668755,124390,8838683,0,0,0,133762,325307
XCCY_Swap_EUR_USD_RESET,2019-11-05,3.748207,159022,8865964,0,0,33972,171273,325307
XCCY_Swap_EUR_USD_RESET,2019-12-05,3.830399,425394,9337221,0,0,2819875,458912,458912
XCCY_Swap_EUR_USD_RESET,2020-01-06,3.918033,598094,9623955,0,0,8111234,646340,646340
XCCY_Swap_EUR_USD_RESET,2020-02-05,4.000000,0,7832367,0,0,0,0,646340
XCCY_Swap_EUR_USD_RESET,2020-03-05,4.079235,0,7690501,0,0,0,0,646340
XCCY_Swap_EUR_USD_RESET,2020-04-06,4.166667,84568,7679678,0,0,0,91841,646340
XCCY_Swap_EUR_USD_RESET,2020-05-05,4.245902,225612,7505691,0,0,2632264,245401,646340
XCCY_Swap_EUR_USD_RESET,2020-06-05,4.330601,274793,7692460,0,0,1499997,299397,646340
XCCY_Swap_EUR_USD_RESET,2020-07-06,4.415301,359912,7857554,0,0,3467968,392796,646340
XCCY_Swap_EUR_USD_RESET,2020-08-05,4.497268,0,7200739,0,0,0,0,646340
XCCY_Swap_EUR_USD_RESET,2020-09-08,4.590164,0,7394766,0,0,0,0,646340
XCCY_Swap_EUR_USD_RESET,2020-10-05,4.663934,63714,7405438,0,0,0,69879,646340
XCCY_Swap_EUR_USD_RESET,2020-11-05,4.748634,124916,7450989,0,0,0,137231,646340
XCCY_Swap_EUR_USD_RESET,2020-12-07,4.836066,219292,7636180,0,0,2104635,241330,646340
XCCY_Swap_EUR_USD_RESET,2021-01-05,4.915330,299040,7731324,0,0,2088640,329609,646340
XCCY_Swap_EUR_USD_RESET,2021-02-05,5.000262,0,6488999,0,0,0,0,646340
XCCY_Swap_EUR_USD_RESET,2021-03-05,5.076974,0,6242862,0,0,0,0,646340
XCCY_Swap_EUR_USD_RESET,2021-04-06,5.164646,181932,6484840,0,0,60226,201521,646340
XCCY_Swap_EUR_USD_RESET,2021-05-05,5.244098,397243,6481634,0,0,3108341,440708,646340
XCCY_Swap_EUR_USD_RESET,2021-06-07,5.334509,564757,6467121,0,0,5268788,627674,646340
XCCY_Swap_EUR_USD_RESET,2021-07-06,5.413961,903587,6796075,0,0,6282163,1005833,1005833
XCCY_Swap_EUR_USD_RESET,2021-08-05,5.496152,0,5861562,0,0,0,0,1005833
XCCY_Swap_EUR_USD_RESET,2021-09-07,5.586563,0,5864915,0,0,0,0,1005833
XCCY_Swap_EUR_USD_RESET,2021-10-05,5.663276,49010,5920548,0,0,0,54826,1005833
XCCY_Swap_EUR_USD_RESET,2021-11-05,5.748207,78487,5741533,0,0,716046,87949,1005833
XCCY_Swap_EUR_USD_RESET,2021-12-06,5.833139,258765,5914746,0,0,1429117,290447,1005833
XCCY_Swap_EUR_USD_RESET,2022-01-05,5.915330,292402,6020237,0,0,1046363,328736,1005833
XCCY_Swap_EUR_USD_RESET,2022-02-07,6.005741,0,5187719,0,0,0,0,1005833
XCCY_Swap_EUR_USD_RESET,2022-03-07,6.082454,0,5170861,0,0,0,0,1005833
XCCY_Swap_EUR_USD_RESET,2022-04-05,6.161906,64011,5375534,0,0,273287,72317,1005833
XCCY_Swap_EUR_USD_RESET,2022-05-05,6.244098,293261,5829683,0,0,1586928,331855,1005833
XCCY_Swap_EUR_USD_RESET,2022-06-07,6.334509,431211,5759129,0,0,3433885,488834,1005833
XCCY_Swap_EUR_USD_RESET,2022-07-05,6.411221,683688,5620471,0,0,4322998,776228,1005833
XCCY_Swap_EUR_USD_RESET,2022-08-05,6.496152,0,4602012,0,0,0,0,1005833
XCCY_Swap_EUR_USD_RESET,2022-09-06,6.583824,66222,4520231,0,0,464612,75443,1005833
XCCY_Swap_EUR_USD_RESET,2022-10-05,6.663276,406151,4550668,0,0,3316240,463432,1005833
XCCY_Swap_EUR_USD_RESET,2022-11-07,6.753687,628678,4677353,0,0,5773232,718629,1005833
XCCY_Swap_EUR_USD_RESET,2022-12-05,6.830399,1016043,5069614,0,0,9534499,1163184,1163184
XCCY_Swap_EUR_USD_RESET,2023-01-05,6.915330,1284036,5225717,0,0,10668521,1472462,1472462
XCCY_Swap_EUR_USD_RESET,2023-02-06,7.003002,0,3993305,0,0,0,0,1472462
XCCY_Swap_EUR_USD_RESET,2023-03-06,7.079714,2406,4025215,0,0,0,2768,1472462
XCCY_Swap_EUR_USD_RESET,2023-04-05,7.161906,86779,4288493,0,0,787674,100001,1472462
XCCY_Swap_EUR_USD_RESET,2023-05-05,7.244098,195405,4649394,0,0,2838771,225543,1472462
XCCY_Swap_EUR_USD_RESET,2023-06-05,7.329029,422370,5078301,0,0,3189606,488332,1472462
XCCY_Swap_EUR_USD_RESET,2023-07-05,7.411221,305799,5286395,0,0,2976862,354131,1472462
XCCY_Swap_EUR_USD_RESET,2023-08-07,7.501632,0,3272078,0,0,0,0,1472462
XCCY_Swap_EUR_USD_RESET,2023-09-05,7.581084,35207,3424040,0,0,0,40909,1472462
XCCY_Swap_EUR_USD_RESET,2023-10-05,7.663276,269850,3782778,0,0,1578718,314063,1472462
XCCY_Swap_EUR_USD_RESET,2023-11-06,7.750947,560355,4308321,0,0,4390492,653296,1472462
XCCY_Swap_EUR_USD_RESET,2023-12-05,7.830399,683018,4686103,0,0,4291733,797556,1472462
XCCY_Swap_EUR_USD_RESET,2024-01-05,7.915301,881134,4938616,0,0,5696315,1030626,1472462
XCCY_Swap_EUR_USD_RESET,2024-02-05,8.000000,0,2579762,0,0,0,0,1472462
XCCY_Swap_EUR_USD_RESET,2024-03-05,8.079235,197770,2398943,0,0,1284701,232077,1472462
XCCY_Swap_EUR_USD_RESET,2024-04-05,8.163934,498864,2528312,0,0,3313356,586386,1472462
XCCY_Swap_EUR_USD_RESET,2024-05-07,8.251366,448350,2978821,0,0,2636401,527924,1472462
XCCY_Swap_EUR_USD_RESET,2024-06-05,8.330601,530828,2984956,0,0,3806535,626024,1472462
XCCY_Swap_EUR_USD_RESET,2024-07-05,8.412568,1152961,3473670,0,0,6581666,1361940,1472462
XCCY_Swap_EUR_USD_RESET,2024-08-05,8.497268,0,1917137,0,0,0,0,1472462
XCCY_Swap_EUR_USD_RESET,2024-09-05,8.581967,392190,2297055,0,0,2464643,464836,1472462
XCCY_Swap_EUR_USD_RESET,2024-10-07,8.669399,749767,2538877,0,0,4531811,890189,1472462
XCCY_Swap_EUR_USD_RESET,2024-11-05,8.748634,966437,2731991,0,0,7387458,1149243,1472462
XCCY_Swap_EUR_USD_RESET,2024-12-05,8.830601,1127755,2993344,0,0,7040334,1343258,1472462
XCCY_Swap_EUR_USD_RESET,2025-01-06,8.918070,1489244,3359945,0,0,7615038,1776903,1776903
XCCY_Swap_EUR_USD_RESET,2025-02-05,9.000262,0,1239680,0,0,0,0,1776903
XCCY_Swap_EUR_USD_RESET,2025-03-05,9.076974,353184,1523984,0,0,2029224,422732,1776903
XCCY_Swap_EUR_USD_RESET,2025-04-07,9.167385,945218,2008315,0,0,4936155,1133371,1776903
XCCY_Swap_EUR_USD_RESET,2025-05-06,9.246837,1246579,2404921,0,0,5497100,1497072,1776903
XCCY_Swap_EUR_USD_RESET,2025-06-05,9.329029,1454021,2597585,0,0,6952687,1749039,1776903
XCCY_Swap_EUR_USD_RESET,2025-07-07,9.416700,1621844,2828235,0,0,7812148,1954300,1954300
XCCY_Swap_EUR_USD_RESET,2025-08-05,9.496152,0,623046,0,0,0,0,1954300
XCCY_Swap_EUR_USD_RESET,2025-09-05,9.581084,644188,1269860,0,0,2929790,778765,1954300
XCCY_Swap_EUR_USD_RESET,2025-10-06,9.666015,1126754,1750723,0,0,3794218,1364436,1954300
XCCY_Swap_EUR_USD_RESET,2025-11-05,9.748207,1247368,1888486,0,0,6286523,1512951,1954300
XCCY_Swap_EUR_USD_RESET,2025-12-05,9.830399,1470750,2331173,0,0,6052540,1786797,1954300
XCCY_Swap_EUR_USD_RESET,2026-01-05,9.915330,1819570,2715791,0,0,9232216,2214292,2214292
XCCY_Swap_EUR_USD_RESET,2026-02-05,10.000262,0,0,0,0,0,0,2214292
XCCY_Swap_EUR_USD_RESET,2026-03-05,10.076974,0,0,0,0,0,0,2214292
