#TradeId,TradeType,Maturity,MaturityTime,NPV,NpvCurrency,NPV(Base),BaseCurrency,Notional,NotionalCurrency,Notional(Base),NettingSet,CounterParty
Swap_1,Swap,2027-03-03,11.071495,-1415282.957583,GBP,-1743092.400631,EUR,40000000.00,GBP,49264845.35,CPTY_A,CPTY_A
Swap_2,Swap,2026-09-07,10.586563,1317437.185655,EUR,1317437.185655,EUR,30000000.00,EUR,30000000.00,CPTY_A,CPTY_A
Swap_3,Swap,2024-11-01,8.737705,1905647.122747,USD,1682932.839558,EUR,50000000.00,USD,44156465.79,CPTY_A,CPTY_A
