#TradeId,Date,Time,EPE,ENE,AllocatedEPE,AllocatedENE,PFE,BaselEE,BaselEEE
capped_swap,2016-02-05,0.000000,661303,0,0,0,661303,661303,661303
capped_swap,2016-05-06,0.248634,655923,0,0,0,935626,655546,661303
capped_swap,2016-08-05,0.497268,654441,0,0,0,998338,653593,661303
capped_swap,2016-11-07,0.754098,664572,0,0,0,1230662,663034,663034
capped_swap,2017-02-06,1.003002,659156,0,0,0,1171585,657064,663034
capped_swap,2017-05-05,1.244098,696783,0,0,0,1272198,693888,693888
capped_swap,2017-08-07,1.501632,694142,0,0,0,1225063,690641,693888
capped_swap,2017-11-06,1.750947,567489,0,0,0,1083330,564123,693888
capped_swap,2018-02-05,2.000262,585368,0,0,0,1234254,581277,693888
capped_swap,2018-05-08,2.252317,616381,0,0,0,1521401,611684,693888
capped_swap,2018-08-06,2.498892,615079,0,0,0,1594677,610034,693888
capped_swap,2018-11-05,2.748207,499071,0,0,0,1256355,494683,693888
capped_swap,2019-02-05,3.000262,503750,0,0,0,1429529,499022,693888
capped_swap,2019-05-07,3.249577,534804,0,0,0,1461062,529682,693888
capped_swap,2019-08-05,3.496152,533524,0,0,0,1346574,528330,693888
capped_swap,2019-11-05,3.748207,439784,0,0,0,1444495,435432,693888
capped_swap,2020-02-05,4.000000,438867,0,0,0,1501637,434453,693888
capped_swap,2020-05-05,4.245902,430030,0,0,0,1086044,425821,693888
capped_swap,2020-08-05,4.497268,437321,0,0,0,1182985,433174,693888
capped_swap,2020-11-05,4.748634,315686,0,0,0,850180,312789,693888
capped_swap,2021-02-05,5.000262,312438,0,0,0,864772,309667,693888
capped_swap,2021-05-05,5.244098,337978,0,0,0,870054,335359,693888
capped_swap,2021-08-05,5.496152,333034,0,0,0,845611,330856,693888
capped_swap,2021-11-05,5.748207,241283,0,0,0,852498,239998,693888
capped_swap,2022-02-07,6.005741,241672,0,0,0,822245,240684,693888
capped_swap,2022-05-05,6.244098,260990,0,0,0,759702,260394,693888
capped_swap,2022-08-05,6.496152,269745,0,0,0,885957,269650,693888
capped_swap,2022-11-07,6.753687,202656,0,0,0,815799,202986,693888
capped_swap,2023-02-06,7.003002,198281,0,0,0,734867,198985,693888
capped_swap,2023-05-05,7.244098,218013,0,0,0,1030800,219313,693888
capped_swap,2023-08-07,7.501632,210894,0,0,0,870032,212702,693888
capped_swap,2023-11-06,7.750947,136767,0,0,0,557187,138286,693888
capped_swap,2024-02-05,8.000000,139705,0,0,0,541521,141611,693888
capped_swap,2024-05-07,8.251366,152894,0,0,0,590246,155448,693888
capped_swap,2024-08-05,8.497268,154620,0,0,0,498256,157673,693888
capped_swap,2024-11-05,8.748634,94827,0,0,0,361981,96996,693888
capped_swap,2025-02-05,9.000262,100390,0,0,0,452369,103000,693888
capped_swap,2025-05-06,9.246837,112862,0,0,0,352792,116200,693888
capped_swap,2025-08-05,9.496152,111349,0,0,0,406033,115051,693888
capped_swap,2025-11-05,9.748207,61065,359,0,0,309466,63323,693888
capped_swap,2026-02-05,10.000262,58911,416,0,0,263848,61308,693888
capped_swap,2026-05-05,10.244098,75119,0,0,0,273654,78451,693888
capped_swap,2026-08-05,10.496152,81962,0,0,0,329740,85908,693888
capped_swap,2026-11-05,10.748207,42776,5522,0,0,276982,44998,693888
capped_swap,2027-02-05,11.000262,37636,5878,0,0,242364,39734,693888
capped_swap,2027-05-05,11.244098,47991,0,0,0,277914,50845,693888
capped_swap,2027-08-05,11.496152,49733,0,0,0,309113,52882,693888
capped_swap,2027-11-05,11.748207,29875,4506,0,0,204772,31882,693888
capped_swap,2028-02-07,12.005464,31412,4626,0,0,237240,33646,693888
capped_swap,2028-05-05,12.245902,38697,0,0,0,239077,41603,693888
capped_swap,2028-08-07,12.502732,36956,0,0,0,179835,39890,693888
capped_swap,2028-11-06,12.751366,17256,3054,0,0,130651,18698,693888
capped_swap,2029-02-05,13.000262,16275,3231,0,0,130443,17702,693888
capped_swap,2029-05-08,13.252317,21959,0,0,0,120171,23979,693888
capped_swap,2029-08-06,13.498892,22422,0,0,0,118706,24577,693888
capped_swap,2029-11-05,13.748207,8409,1766,0,0,66251,9253,693888
capped_swap,2030-02-05,14.000262,8558,1911,0,0,78577,9453,693888
capped_swap,2030-05-07,14.249577,11708,0,0,0,57980,12983,693888
capped_swap,2030-08-05,14.496152,11102,0,0,0,50640,12358,693888
capped_swap,2030-11-05,14.748207,1900,684,0,0,17296,2123,693888
capped_swap,2031-02-05,15.000262,2000,645,0,0,15020,2244,693888
capped_swap,2031-05-06,15.246837,4889,0,0,0,20897,5504,693888
capped_swap,2031-08-05,15.496152,4870,0,0,0,20419,5502,693888
capped_swap,2031-11-05,15.748207,0,0,0,0,0,0,693888
capped_swap,2032-02-05,16.000000,0,0,0,0,0,0,693888
capped_swap,2032-05-05,16.245902,0,0,0,0,0,0,693888
capped_swap,2032-08-05,16.497268,0,0,0,0,0,0,693888
capped_swap,2032-11-05,16.748634,0,0,0,0,0,0,693888
capped_swap,2033-02-07,17.005741,0,0,0,0,0,0,693888
capped_swap,2033-05-05,17.244098,0,0,0,0,0,0,693888
capped_swap,2033-08-05,17.496152,0,0,0,0,0,0,693888
capped_swap,2033-11-07,17.753687,0,0,0,0,0,0,693888
capped_swap,2034-02-06,18.003002,0,0,0,0,0,0,693888
capped_swap,2034-05-05,18.244098,0,0,0,0,0,0,693888
capped_swap,2034-08-07,18.501632,0,0,0,0,0,0,693888
capped_swap,2034-11-06,18.750947,0,0,0,0,0,0,693888
capped_swap,2035-02-05,19.000262,0,0,0,0,0,0,693888
capped_swap,2035-05-08,19.252317,0,0,0,0,0,0,693888
capped_swap,2035-08-06,19.498892,0,0,0,0,0,0,693888
capped_swap,2035-11-05,19.748207,0,0,0,0,0,0,693888
capped_swap,2036-02-05,20.000000,0,0,0,0,0,0,693888
