#TradeId,TradeType,Maturity,MaturityTime,NPV,NpvCurrency,NPV(Base),BaseCurrency,Notional,NotionalCurrency,Notional(Base),NettingSet,CounterParty
cap,CapFloor,2031-10-20,15.704372,294504.433115,GBP,362717.883773,EUR,3000000.00,GBP,3694863.40,CPTY_B,CPTY_B
capped_swap,Swap,2031-10-20,15.704372,534864.801135,GBP,658750.792715,EUR,3000000.00,GBP,3694863.40,CPTY_A,CPTY_A
swap,Swap,2031-10-20,15.704372,240360.368020,GBP,296032.908941,EUR,3000000.00,GBP,3694863.40,CPTY_B,CPTY_B
