#TradeId,TradeType,Maturity,MaturityTime,NPV,NpvCurrency,NPV(Base),BaseCurrency,Notional,NotionalCurrency,Notional(Base),NettingSet,CounterParty
Swap_20y,Swap,2036-03-03,20.073770,3257771.390727,EUR,3257771.390727,EUR,10000000.00,EUR,10000000.00,CPTY_A,CPTY_A
