#TradeId,NettingSetId,CVA,DVA,FBA,FCA,FBAexOwnSP,FCAexOwnSP,FBAexAllSP,FCAexAllSP,COLVA,MVA,OurKVACCR,TheirKVACCR,OurKVACVA,TheirKVACVA,CollateralFloor,AllocatedCVA,AllocatedDVA,AllocationMethod,BaselEPE,BaselEEPE
,CPTY_A,720800.09,36485.54,17150.00,-114154.31,18803.23,-120276.44,19869.25,-124146.18,0.00,0.00,0.00,0.00,0.00,0.00,0.00,720800.09,36485.54,None,25656417.08,29884355.35
EqCall_Luft,CPTY_A,22.29,0.00,0.00,-3.66,0.00,-3.72,0.00,-3.75,#N/A,#N/A,#N/A,#N/A,#N/A,#N/A,#N/A,0.00,0.00,None,1890.52,1907.03
EqCall_SP5,CPTY_A,1838.75,0.00,0.00,-302.67,0.00,-306.54,0.00,-308.86,#N/A,#N/A,#N/A,#N/A,#N/A,#N/A,#N/A,0.00,0.00,None,177831.38,179760.03
EqForwardTrade_Luft,CPTY_A,16.36,18.47,9.03,-2.68,9.19,-2.73,9.29,-2.76,#N/A,#N/A,#N/A,#N/A,#N/A,#N/A,#N/A,0.00,0.00,None,876.24,876.24
EqFwd_SP5,CPTY_A,1444.62,1877.71,919.24,-237.24,933.94,-240.83,942.78,-242.99,#N/A,#N/A,#N/A,#N/A,#N/A,#N/A,#N/A,0.00,0.00,None,84802.52,84802.52
EqPut_Luft,CPTY_A,16.95,0.00,0.00,-2.78,0.00,-2.83,0.00,-2.85,#N/A,#N/A,#N/A,#N/A,#N/A,#N/A,#N/A,0.00,0.00,None,1466.20,1475.35
EqPut_SP5,CPTY_A,0.00,3635.55,1782.37,0.00,1804.99,0.00,1818.56,0.00,#N/A,#N/A,#N/A,#N/A,#N/A,#N/A,#N/A,0.00,0.00,None,0.00,0.00
EquitySwap_1,CPTY_A,541419.70,6946.70,3237.24,-85884.89,3605.95,-90339.43,3845.81,-93150.84,#N/A,#N/A,#N/A,#N/A,#N/A,#N/A,#N/A,0.00,0.00,None,19730682.06,22135600.00
EquitySwap_2,CPTY_A,191564.78,49637.81,23518.16,-30181.74,25409.17,-31970.43,26617.89,-33105.14,#N/A,#N/A,#N/A,#N/A,#N/A,#N/A,#N/A,0.00,0.00,None,6009066.33,7745009.50
