#TradeId,Date,Time,EPE,ENE,AllocatedEPE,AllocatedENE,PFE,BaselEE,BaselEEE
collar_01,2016-02-05,0.000000,0,87123,0,0,0,0,0
collar_01,2016-05-06,0.248634,454,79651,0,0,0,453,453
collar_01,2016-08-05,0.497268,4406,81652,0,0,48669,4400,4400
collar_01,2016-11-07,0.754098,7963,80867,0,0,54008,7944,7944
collar_01,2017-02-06,1.003002,10822,82756,0,0,64993,10788,10788
collar_01,2017-05-05,1.244098,15741,83060,0,0,90737,15676,15676
collar_01,2017-08-07,1.501632,20960,91228,0,0,88794,20855,20855
collar_01,2017-11-06,1.750947,24667,88819,0,0,116579,24521,24521
collar_01,2018-02-05,2.000262,22834,84614,0,0,104587,22674,24521
collar_01,2018-05-08,2.252317,26317,83135,0,0,105662,26116,26116
collar_01,2018-08-06,2.498892,25069,77832,0,0,96764,24863,26116
collar_01,2018-11-05,2.748207,28401,80340,0,0,96199,28152,28152
collar_01,2019-02-05,3.000262,30600,91002,0,0,113249,30313,30313
collar_01,2019-05-07,3.249577,32936,85161,0,0,124584,32621,32621
collar_01,2019-08-05,3.496152,36202,91241,0,0,137162,35850,35850
collar_01,2019-11-05,3.748207,35832,87286,0,0,139326,35478,35850
collar_01,2020-02-05,4.000000,39331,90199,0,0,178058,38936,38936
collar_01,2020-05-05,4.245902,40171,81986,0,0,168263,39777,39777
collar_01,2020-08-05,4.497268,43114,89381,0,0,177096,42705,42705
collar_01,2020-11-05,4.748634,39364,71809,0,0,155948,39003,42705
collar_01,2021-02-05,5.000262,37279,63776,0,0,139548,36949,42705
collar_01,2021-05-05,5.244098,39076,64404,0,0,153694,38774,42705
collar_01,2021-08-05,5.496152,36902,52750,0,0,151045,36660,42705
collar_01,2021-11-05,5.748207,37257,46548,0,0,162841,37058,42705
collar_01,2022-02-07,6.005741,38655,46348,0,0,177676,38497,42705
collar_01,2022-05-05,6.244098,41150,51542,0,0,156136,41056,42705
collar_01,2022-08-05,6.496152,41983,52740,0,0,183454,41968,42705
collar_01,2022-11-07,6.753687,42971,50945,0,0,184371,43041,43041
collar_01,2023-02-06,7.003002,44839,52806,0,0,174139,44999,44999
collar_01,2023-05-05,7.244098,44112,52176,0,0,166473,44375,44999
collar_01,2023-08-07,7.501632,47010,57454,0,0,162377,47413,47413
collar_01,2023-11-06,7.750947,45883,53277,0,0,160898,46393,47413
collar_01,2024-02-05,8.000000,46964,52432,0,0,171316,47604,47604
collar_01,2024-05-07,8.251366,45457,52422,0,0,161422,46216,47604
collar_01,2024-08-05,8.497268,47499,53636,0,0,161301,48437,48437
collar_01,2024-11-05,8.748634,47055,53775,0,0,155260,48131,48437
collar_01,2025-02-05,9.000262,48782,59794,0,0,164325,50050,50050
collar_01,2025-05-06,9.246837,48250,59637,0,0,150012,49677,50050
collar_01,2025-08-05,9.496152,50417,63163,0,0,150409,52093,52093
collar_01,2025-11-05,9.748207,48058,55627,0,0,143997,49834,52093
collar_01,2026-02-05,10.000262,49325,59490,0,0,141154,51333,52093
collar_01,2026-05-05,10.244098,48054,56297,0,0,131734,50185,52093
collar_01,2026-08-05,10.496152,48788,59576,0,0,131667,51137,52093
collar_01,2026-11-05,10.748207,45985,49307,0,0,122721,48374,52093
collar_01,2027-02-05,11.000262,48249,53895,0,0,121322,50939,52093
collar_01,2027-05-05,11.244098,45422,48090,0,0,116620,48123,52093
collar_01,2027-08-05,11.496152,45727,47495,0,0,117068,48622,52093
collar_01,2027-11-05,11.748207,43632,42602,0,0,108575,46563,52093
collar_01,2028-02-07,12.005464,44249,43405,0,0,109311,47397,52093
collar_01,2028-05-05,12.245902,41114,39465,0,0,101604,44202,52093
collar_01,2028-08-07,12.502732,42338,43275,0,0,101663,45700,52093
collar_01,2028-11-06,12.751366,39885,44752,0,0,94548,43217,52093
collar_01,2029-02-05,13.000262,40641,51481,0,0,93847,44206,52093
collar_01,2029-05-08,13.252317,37879,54262,0,0,85937,41363,52093
collar_01,2029-08-06,13.498892,37496,52604,0,0,86347,41101,52093
collar_01,2029-11-05,13.748207,33796,47511,0,0,78974,37188,52093
collar_01,2030-02-05,14.000262,33914,45373,0,0,78921,37463,52093
collar_01,2030-05-07,14.249577,29956,36033,0,0,70803,33218,52093
collar_01,2030-08-05,14.496152,29774,33517,0,0,71194,33142,52093
collar_01,2030-11-05,14.748207,27837,35190,0,0,62980,31107,52093
collar_01,2031-02-05,15.000262,27909,33048,0,0,63392,31309,52093
collar_01,2031-05-06,15.246837,24765,23025,0,0,56155,27880,52093
collar_01,2031-08-05,15.496152,24567,22562,0,0,56605,27756,52093
collar_01,2031-11-05,15.748207,23329,22803,0,0,48988,26451,52093
collar_01,2032-02-05,16.000000,23343,21827,0,0,49055,26562,52093
collar_01,2032-05-05,16.245902,20207,17204,0,0,42381,23074,52093
collar_01,2032-08-05,16.497268,20006,16872,0,0,43414,22927,52093
collar_01,2032-11-05,16.748634,17591,16026,0,0,35974,20232,52093
collar_01,2033-02-07,17.005741,17900,14657,0,0,36077,20663,52093
collar_01,2033-05-05,17.244098,15180,10488,0,0,29526,17583,52093
collar_01,2033-08-05,17.496152,15104,11018,0,0,29609,17557,52093
collar_01,2033-11-07,17.753687,12159,7848,0,0,23392,14186,52093
collar_01,2034-02-06,18.003002,11985,8244,0,0,23761,14033,52093
collar_01,2034-05-05,18.244098,8785,6125,0,0,17286,10321,52093
collar_01,2034-08-07,18.501632,8762,6025,0,0,17351,10332,52093
collar_01,2034-11-06,18.750947,5767,4334,0,0,11278,6825,52093
collar_01,2035-02-05,19.000262,5764,3973,0,0,11544,6846,52093
collar_01,2035-05-08,19.252317,2901,1892,0,0,5653,3457,52093
collar_01,2035-08-06,19.498892,2898,1859,0,0,6044,3466,52093
collar_01,2035-11-05,19.748207,0,0,0,0,0,0,52093
collar_01,2036-02-05,20.000000,0,0,0,0,0,0,52093
