#TradeId,Date,Time,EPE,ENE,AllocatedEPE,AllocatedENE,PFE,BaselEE,BaselEEE
cap_01,2016-02-05,0.000000,0,29158,0,0,0,0,0
cap_01,2016-05-06,0.248634,0,29562,0,0,0,0,0
cap_01,2016-08-05,0.497268,0,30102,0,0,0,0,0
cap_01,2016-11-07,0.754098,0,30035,0,0,0,0,0
cap_01,2017-02-06,1.003002,0,30285,0,0,0,0,0
cap_01,2017-05-05,1.244098,0,29908,0,0,0,0,0
cap_01,2017-08-07,1.501632,0,30743,0,0,0,0,0
cap_01,2017-11-06,1.750947,0,30600,0,0,0,0,0
cap_01,2018-02-05,2.000262,0,31168,0,0,0,0,0
cap_01,2018-05-08,2.252317,0,30458,0,0,0,0,0
cap_01,2018-08-06,2.498892,0,31073,0,0,0,0,0
cap_01,2018-11-05,2.748207,0,31126,0,0,0,0,0
cap_01,2019-02-05,3.000262,0,30378,0,0,0,0,0
cap_01,2019-05-07,3.249577,0,28953,0,0,0,0,0
cap_01,2019-08-05,3.496152,0,28896,0,0,0,0,0
cap_01,2019-11-05,3.748207,0,29072,0,0,0,0,0
cap_01,2020-02-05,4.000000,0,28946,0,0,0,0,0
cap_01,2020-05-05,4.245902,0,28899,0,0,0,0,0
cap_01,2020-08-05,4.497268,0,29231,0,0,0,0,0
cap_01,2020-11-05,4.748634,0,29599,0,0,0,0,0
cap_01,2021-02-05,5.000262,0,29176,0,0,0,0,0
cap_01,2021-05-05,5.244098,0,29038,0,0,0,0,0
cap_01,2021-08-05,5.496152,0,29185,0,0,0,0,0
cap_01,2021-11-05,5.748207,0,27747,0,0,0,0,0
cap_01,2022-02-07,6.005741,0,28100,0,0,0,0,0
cap_01,2022-05-05,6.244098,0,25164,0,0,0,0,0
cap_01,2022-08-05,6.496152,0,25474,0,0,0,0,0
cap_01,2022-11-07,6.753687,0,25158,0,0,0,0,0
cap_01,2023-02-06,7.003002,0,24648,0,0,0,0,0
cap_01,2023-05-05,7.244098,0,22246,0,0,0,0,0
cap_01,2023-08-07,7.501632,0,20263,0,0,0,0,0
cap_01,2023-11-06,7.750947,0,19026,0,0,0,0,0
cap_01,2024-02-05,8.000000,0,16336,0,0,0,0,0
cap_01,2024-05-07,8.251366,0,14506,0,0,0,0,0
cap_01,2024-08-05,8.497268,0,13556,0,0,0,0,0
cap_01,2024-11-05,8.748634,0,11797,0,0,0,0,0
cap_01,2025-02-05,9.000262,0,10437,0,0,0,0,0
cap_01,2025-05-06,9.246837,0,9481,0,0,0,0,0
cap_01,2025-08-05,9.496152,0,8058,0,0,0,0,0
cap_01,2025-11-05,9.748207,0,6577,0,0,0,0,0
cap_01,2026-02-05,10.000262,0,4954,0,0,0,0,0
cap_01,2026-05-05,10.244098,0,3309,0,0,0,0,0
cap_01,2026-08-05,10.496152,0,1711,0,0,0,0,0
cap_01,2026-11-05,10.748207,0,0,0,0,0,0,0
cap_01,2027-02-05,11.000262,0,0,0,0,0,0,0
cap_01,2027-05-05,11.244098,0,0,0,0,0,0,0
cap_01,2027-08-05,11.496152,0,0,0,0,0,0,0
cap_01,2027-11-05,11.748207,0,0,0,0,0,0,0
cap_01,2028-02-07,12.005464,0,0,0,0,0,0,0
cap_01,2028-05-05,12.245902,0,0,0,0,0,0,0
cap_01,2028-08-07,12.502732,0,0,0,0,0,0,0
cap_01,2028-11-06,12.751366,0,0,0,0,0,0,0
cap_01,2029-02-05,13.000262,0,0,0,0,0,0,0
cap_01,2029-05-08,13.252317,0,0,0,0,0,0,0
cap_01,2029-08-06,13.498892,0,0,0,0,0,0,0
cap_01,2029-11-05,13.748207,0,0,0,0,0,0,0
cap_01,2030-02-05,14.000262,0,0,0,0,0,0,0
cap_01,2030-05-07,14.249577,0,0,0,0,0,0,0
cap_01,2030-08-05,14.496152,0,0,0,0,0,0,0
cap_01,2030-11-05,14.748207,0,0,0,0,0,0,0
cap_01,2031-02-05,15.000262,0,0,0,0,0,0,0
cap_01,2031-05-06,15.246837,0,0,0,0,0,0,0
cap_01,2031-08-05,15.496152,0,0,0,0,0,0,0
cap_01,2031-11-05,15.748207,0,0,0,0,0,0,0
cap_01,2032-02-05,16.000000,0,0,0,0,0,0,0
cap_01,2032-05-05,16.245902,0,0,0,0,0,0,0
cap_01,2032-08-05,16.497268,0,0,0,0,0,0,0
cap_01,2032-11-05,16.748634,0,0,0,0,0,0,0
cap_01,2033-02-07,17.005741,0,0,0,0,0,0,0
cap_01,2033-05-05,17.244098,0,0,0,0,0,0,0
cap_01,2033-08-05,17.496152,0,0,0,0,0,0,0
cap_01,2033-11-07,17.753687,0,0,0,0,0,0,0
cap_01,2034-02-06,18.003002,0,0,0,0,0,0,0
cap_01,2034-05-05,18.244098,0,0,0,0,0,0,0
cap_01,2034-08-07,18.501632,0,0,0,0,0,0,0
cap_01,2034-11-06,18.750947,0,0,0,0,0,0,0
cap_01,2035-02-05,19.000262,0,0,0,0,0,0,0
cap_01,2035-05-08,19.252317,0,0,0,0,0,0,0
cap_01,2035-08-06,19.498892,0,0,0,0,0,0,0
cap_01,2035-11-05,19.748207,0,0,0,0,0,0,0
cap_01,2036-02-05,20.000000,0,0,0,0,0,0,0
