#TradeId,TradeType,Maturity,MaturityTime,NPV,NpvCurrency,NPV(Base),BaseCurrency,Notional,NotionalCurrency,Notional(Base),NettingSet,CounterParty
cap_01,CapFloor,2026-09-23,10.630399,-33040.494949,USD,-29179.029696,EUR,1000000.00,USD,883129.32,CPTY_B,CPTY_B
collar_02,CapFloor,2026-09-23,10.630399,15057.995443,USD,13298.157212,EUR,1000000.00,USD,883129.32,CPTY_A,CPTY_A
floor_01,CapFloor,2026-09-23,10.630399,17982.499506,USD,15880.872484,EUR,1000000.00,USD,883129.32,CPTY_B,CPTY_B
